// Jest Snapshot v1, https://goo.gl/fbAQLP

exports[`Search movie component should find movie name 1`] = `ReactWrapper {}`;
